Microchip MPLAB XC8 Compiler V1.38 ()

Linker command line:

-W-3 --edf=C:\Program Files (x86)\Microchip\xc8\v1.38\dat\en_msgs.txt -cs \
  -h+dist/default/production\RT01_RV1_Logic_8MHz-_21.12.17.X.production.sym \
  --cmf=dist/default/production\RT01_RV1_Logic_8MHz-_21.12.17.X.production.cmf \
  -z -Q18F67K22 -oC:\Users\NIJANT~1.V\AppData\Local\Temp\s4h0.2 \
  -Mdist/default/production/RT01_RV1_Logic_8MHz-_21.12.17.X.production.map \
  -E1 -ver=XC8 -ASTACK=06CCh-0f15h -pstack=STACK -ACODE=00h-01FFFFh \
  -ACONST=00h-01FFFFh -ASMALLCONST=01000h-010FFhx496 \
  -AMEDIUMCONST=01000h-0FFFFh,011000h-01FFFFh -ACOMRAM=01h-05Fh \
  -AABS1=00h-0F15h -ABIGRAM=01h-0F15h \
  -ARAM=060h-0FFh,0100h-01FFhx14,0F00h-0F15h -ABANK0=060h-0FFh \
  -ABANK1=0100h-01FFh -ABANK2=0200h-02FFh -ABANK3=0300h-03FFh \
  -ABANK4=0400h-04FFh -ABANK5=0500h-05FFh -ABANK6=0600h-06FFh \
  -ABANK7=0700h-07FFh -ABANK8=0800h-08FFh -ABANK9=0900h-09FFh \
  -ABANK10=0A00h-0AFFh -ABANK11=0B00h-0BFFh -ABANK12=0C00h-0CFFh \
  -ABANK13=0D00h-0DFFh -ABANK14=0E00h-0EFFh -ABANK15=0F00h-0F15h \
  -ASFR=0F16h-0F5Fh,0F60h-0FFFh \
  -preset_vec=00h,intcode=08h,intcodelo,powerup,init,end_init \
  -pramtop=01000h -psmallconst=SMALLCONST -pmediumconst=MEDIUMCONST \
  -pconst=CONST -AFARRAM=00h-00h -ACONFIG=0300000h-030000Dh -pconfig=CONFIG \
  -AIDLOC=0200000h-0200007h -pidloc=IDLOC -AEEDATA=0F00000h-0F003FFh \
  -peeprom_data=EEDATA \
  -prdata=COMRAM,nvrram=COMRAM,nvbit=COMRAM,rbss=COMRAM,rbit=COMRAM \
  -pfarbss=FARRAM,fardata=FARRAM,nvFARRAM=FARRAM \
  -pintsave_regs=BIGRAM,bigbss=BIGRAM,bigdata=BIGRAM -pbss=RAM \
  -pidata=CODE,irdata=CODE,ibigdata=CODE,ifardata=CODE -prparam=COMRAM \
  C:\Users\NIJANT~1.V\AppData\Local\Temp\s4h0.obj \
  dist/default/production\RT01_RV1_Logic_8MHz-_21.12.17.X.production.obj 

Object code version is 3.11

Machine type is 18F67K22

Call graph: (short form)




                Name                               Link     Load   Length Selector   Space Scale
C:\Users\NIJANT~1.V\AppData\Local\Temp\s4h0.obj
                end_init                            466      466        4        4       0
                reset_vec                             0        0        4        0       0
                idloc                            200000   200000        8   200000       0
                config                           300000   300000        E   300000       0
dist/default/production\RT01_RV1_Logic_8MHz-_21.12.17.X.production.obj
                intcode                               8        8      45E        4       0
                temp                                 49       49        1        1       1
                mediumconst                        FB8A     FB8A      476     7DC5       0
                text147                           1A66A    1A66A       7A     8000       0
                text146                           1B064    1B064       18     8000       0
                text145                           1B18C    1B18C        A     8000       0
                text144                           1A458    1A458       90     8000       0
                text143                           15244    15244      354     8000       0
                text142                           19FFA    19FFA       AE     8000       0
                text141                           1ACCE    1ACCE       38     8000       0
                text140                           17448    17448      1AC     8000       0
                text138                           18A9C    18A9C      10C     8000       0
                text137                           1835E    1835E      14C     8000       0
                text136                           1AE3A    1AE3A       30     8000       0
                text135                           1657C    1657C      268     8000       0
                text134                           1AB82    1AB82       4C     8000       0
                text133                           18200    18200      15E     8000       0
                text132                           1AD72    1AD72       36     8000       0
                text131                           1908E    1908E       F4     8000       0
                text130                           1A290    1A290       9E     8000       0
                text129                           19696    19696       C8     8000       0
                text128                           184AA    184AA      144     8000       0
                text127                           1A3C8    1A3C8       90     8000       0
                text126                           18CB2    18CB2       FE     8000       0
                text125                           15B96    15B96      298     8000       0
                text124                           19820    19820       C0     8000       0
                text123                           129D0    129D0      7D6     8000       0
                text122                           16E86    16E86      22E     8000       0
                text121                           18990    18990      10C     8000       0
                text120                           170B4    170B4      1D6     8000       0
                text119                           1AF9C    1AF9C       2A     8000       0
                text118                           14EDE    14EDE      366     8000       0
                text117                           1B108    1B108        E     8000       0
                text116                           1B1AE    1B1AE        8     8000       0
                text115                           1B1A6    1B1A6        8     8000       0
                text114                           1B182    1B182        A     8000       0
                text113                           1B178    1B178        A     8000       0
                text112                           1B13A    1B13A        C     8000       0
                text111                           1AC52    1AC52       40     8000       0
                text110                           1B1BC    1B1BC        6     8000       0
                text109                           1B16E    1B16E        A     8000       0
                text108                           1A908    1A908       62     8000       0
                text107                           1B164    1B164        A     8000       0
                text106                           1AC12    1AC12       40     8000       0
                text105                           1809A    1809A      166     8000       0
                text104                           1728A    1728A      1BE     8000       0
                text103                           167E4    167E4      246     8000       0
                text102                           1975E    1975E       C2     8000       0
                text101                           1793C    1793C      18A     8000       0
                text100                           1AE0A    1AE0A       30     8000       0
                text99                            1B0FA    1B0FA        E     8000       0
                text98                            1A1F0    1A1F0       A0     8000       0
                text97                            1B0B2    1B0B2       10     8000       0
                text96                            1B19E    1B19E        8     8000       0
                text95                            1B196    1B196        8     8000       0
                text94                            1B0A0    1B0A0       12     8000       0
                text93                            1B08E    1B08E       12     8000       0
                text92                            1B02A    1B02A       20     8000       0
                text91                            121FA    121FA      7D6     8000       0
                text90                            16C58    16C58      22E     8000       0
                text89                            1AC92    1AC92       3C     8000       0
                text88                            1B1C2    1B1C2        4     8000       0
                text87                            1AE98    1AE98       2E     8000       0
                text86                            18DB0    18DB0       F6     8000       0
                text85                            18F9A    18F9A       F4     8000       0
                text84                            1B1B6    1B1B6        6     8000       0
                text83                            17C4E    17C4E      17C     8000       0
                text82                            1AEF2    1AEF2       2C     8000       0
                text81                            1ADA8    1ADA8       32     8000       0
                text80                            15E2E    15E2E      272     8000       0
                text79                            1A89E    1A89E       6A     8000       0
                text78                            19270    19270       E2     8000       0
                text77                            1A834    1A834       6A     8000       0
                text76                            1AB2E    1AB2E       54     8000       0
                text75                            1A4E8    1A4E8       84     8000       0
                text74                            1AA7E    1AA7E       5C     8000       0
                text73                            1AA22    1AA22       5C     8000       0
                text72                            17F32    17F32      168     8000       0
                text71                            185EE    185EE      140     8000       0
                text70                            1B00A    1B00A       20     8000       0
                text69                            17DCA    17DCA      168     8000       0
                text68                            1AE6A    1AE6A       2E     8000       0
                text67                            18BA8    18BA8      10A     8000       0
                text66                            1A7CA    1A7CA       6A     8000       0
                text65                            1AD3C    1AD3C       36     8000       0
                text64                            19F4C    19F4C       AE     8000       0
                text63                            1872E    1872E      136     8000       0
                text62                            19DEA    19DEA       B2     8000       0
                text61                            1999E    1999E       BE     8000       0
                text60                            1A9C6    1A9C6       5C     8000       0
                text59                            1AADA    1AADA       54     8000       0
                text58                            19D38    19D38       B2     8000       0
                text57                            1A96A    1A96A       5C     8000       0
                text56                            1A6E4    1A6E4       74     8000       0
                text55                            1ABCE    1ABCE       44     8000       0
                text54                            18864    18864      12C     8000       0
                text53                            194FC    194FC       D0     8000       0
                text52                            19182    19182       EE     8000       0
                text51                            15598    15598      32E     8000       0
                text50                            195CC    195CC       CA     8000       0
                text49                            1A0A8    1A0A8       A6     8000       0
                text48                            19E9C    19E9C       B0     8000       0
                text47                            1AFEA    1AFEA       20     8000       0
                text46                            19BD0    19BD0       B6     8000       0
                text45                            1AEC6    1AEC6       2C     8000       0
                text44                            1AF72    1AF72       2A     8000       0
                text43                            1AF48    1AF48       2A     8000       0
                text42                            1B07C    1B07C       12     8000       0
                text41                            18EA6    18EA6       F4     8000       0
                text40                            1B15A    1B15A        A     8000       0
                text39                            19428    19428       D4     8000       0
                text38                            1B150    1B150        A     8000       0
                text37                            1B146    1B146        A     8000       0
                text36                            1ADDA    1ADDA       30     8000       0
                text35                            19B18    19B18       B8     8000       0
                text34                            19A5C    19A5C       BC     8000       0
                text33                            1A32E    1A32E       9A     8000       0
                text32                            1A5EE    1A5EE       7C     8000       0
                text31                            17AC6    17AC6      188     8000       0
                text30                            1779E    1779E      19E     8000       0
                text29                            198E0    198E0       BE     8000       0
                text28                            1A14E    1A14E       A2     8000       0
                text27                            158C6    158C6      2D0     8000       0
                text26                            1AF1E    1AF1E       2A     8000       0
                text25                            1B0EC    1B0EC        E     8000       0
                text24                            13E64    13E64      4F6     8000       0
                text23                            10D40    10D40      CE4     8000       0
                text22                            1AD06    1AD06       36     8000       0
                text21                            1B0DE    1B0DE        E     8000       0
                text20                            131A6    131A6      74C     8000       0
                text19                            10000    10000      D40     8000       0
                text18                            1A758    1A758       72     8000       0
                text17                            1A56C    1A56C       82     8000       0
                text16                            1435A    1435A      432     8000       0
                text15                            19352    19352       D6     8000       0
                text14                            1B0D0    1B0D0        E     8000       0
                text13                            1B12E    1B12E        C     8000       0
                text12                            1478C    1478C      3B4     8000       0
                text11                            1B122    1B122        C     8000       0
                text10                            138F2    138F2      572     8000       0
                text9                             14B40    14B40      39E     8000       0
                text8                             1630E    1630E      26E     8000       0
                text7                             1B0C2    1B0C2        E     8000       0
                text6                             160A0    160A0      26E     8000       0
                text5                             1B116    1B116        C     8000       0
                text4                             11A24    11A24      7D6     8000       0
                text3                             16A2A    16A2A      22E     8000       0
                text2                             1AFC6    1AFC6       24     8000       0
                text1                             1B04A    1B04A       1A     8000       0
                text0                             175F4    175F4      1AA     8000       0
                cstackCOMRAM                         25       25       24        1       1
                cstackBANK0                          60       60       64       60       1
                cstackBANK1                         1AA      1AA       1D      100       1
                cstackBANK6                         678      678       54      600       1
                bssBANK6                            600      600       78      600       1
                dataBANK5                           5FC      5FC        2      500       1
                bssBANK5                            500      500       FC      500       1
                bssBANK4                            400      400       FF      400       1
                bssBANK3                            300      300       FF      300       1
                bssBANK2                            200      200       FF      200       1
                dataBANK1                           1C7      1C7        2      100       1
                bssBANK1                            100      100       AA      100       1
                bssBANK0                             C4       C4       3C       60       1
                bssCOMRAM                             1        1       24        1       1
                cinit                             19C86    19C86       B2     8000       0
                idataBANK5                        1B1C8    1B1C8        2     8000       0
                idataBANK1                        1B1C6    1B1C6        2     8000       0

TOTAL           Name                               Link     Load   Length     Space
        CLASS   STACK          

        CLASS   CODE           
                end_init                            466      466        4         0
                intcode                               8        8      45E         0
                reset_vec                             0        0        4         0
                text147                           1A66A    1A66A       7A         0
                text146                           1B064    1B064       18         0
                text145                           1B18C    1B18C        A         0
                text144                           1A458    1A458       90         0
                text143                           15244    15244      354         0
                text142                           19FFA    19FFA       AE         0
                text141                           1ACCE    1ACCE       38         0
                text140                           17448    17448      1AC         0
                text138                           18A9C    18A9C      10C         0
                text137                           1835E    1835E      14C         0
                text136                           1AE3A    1AE3A       30         0
                text135                           1657C    1657C      268         0
                text134                           1AB82    1AB82       4C         0
                text133                           18200    18200      15E         0
                text132                           1AD72    1AD72       36         0
                text131                           1908E    1908E       F4         0
                text130                           1A290    1A290       9E         0
                text129                           19696    19696       C8         0
                text128                           184AA    184AA      144         0
                text127                           1A3C8    1A3C8       90         0
                text126                           18CB2    18CB2       FE         0
                text125                           15B96    15B96      298         0
                text124                           19820    19820       C0         0
                text123                           129D0    129D0      7D6         0
                text122                           16E86    16E86      22E         0
                text121                           18990    18990      10C         0
                text120                           170B4    170B4      1D6         0
                text119                           1AF9C    1AF9C       2A         0
                text118                           14EDE    14EDE      366         0
                text117                           1B108    1B108        E         0
                text116                           1B1AE    1B1AE        8         0
                text115                           1B1A6    1B1A6        8         0
                text114                           1B182    1B182        A         0
                text113                           1B178    1B178        A         0
                text112                           1B13A    1B13A        C         0
                text111                           1AC52    1AC52       40         0
                text110                           1B1BC    1B1BC        6         0
                text109                           1B16E    1B16E        A         0
                text108                           1A908    1A908       62         0
                text107                           1B164    1B164        A         0
                text106                           1AC12    1AC12       40         0
                text105                           1809A    1809A      166         0
                text104                           1728A    1728A      1BE         0
                text103                           167E4    167E4      246         0
                text102                           1975E    1975E       C2         0
                text101                           1793C    1793C      18A         0
                text100                           1AE0A    1AE0A       30         0
                text99                            1B0FA    1B0FA        E         0
                text98                            1A1F0    1A1F0       A0         0
                text97                            1B0B2    1B0B2       10         0
                text96                            1B19E    1B19E        8         0
                text95                            1B196    1B196        8         0
                text94                            1B0A0    1B0A0       12         0
                text93                            1B08E    1B08E       12         0
                text92                            1B02A    1B02A       20         0
                text91                            121FA    121FA      7D6         0
                text90                            16C58    16C58      22E         0
                text89                            1AC92    1AC92       3C         0
                text88                            1B1C2    1B1C2        4         0
                text87                            1AE98    1AE98       2E         0
                text86                            18DB0    18DB0       F6         0
                text85                            18F9A    18F9A       F4         0
                text84                            1B1B6    1B1B6        6         0
                text83                            17C4E    17C4E      17C         0
                text82                            1AEF2    1AEF2       2C         0
                text81                            1ADA8    1ADA8       32         0
                text80                            15E2E    15E2E      272         0
                text79                            1A89E    1A89E       6A         0
                text78                            19270    19270       E2         0
                text77                            1A834    1A834       6A         0
                text76                            1AB2E    1AB2E       54         0
                text75                            1A4E8    1A4E8       84         0
                text74                            1AA7E    1AA7E       5C         0
                text73                            1AA22    1AA22       5C         0
                text72                            17F32    17F32      168         0
                text71                            185EE    185EE      140         0
                text70                            1B00A    1B00A       20         0
                text69                            17DCA    17DCA      168         0
                text68                            1AE6A    1AE6A       2E         0
                text67                            18BA8    18BA8      10A         0
                text66                            1A7CA    1A7CA       6A         0
                text65                            1AD3C    1AD3C       36         0
                text64                            19F4C    19F4C       AE         0
                text63                            1872E    1872E      136         0
                text62                            19DEA    19DEA       B2         0
                text61                            1999E    1999E       BE         0
                text60                            1A9C6    1A9C6       5C         0
                text59                            1AADA    1AADA       54         0
                text58                            19D38    19D38       B2         0
                text57                            1A96A    1A96A       5C         0
                text56                            1A6E4    1A6E4       74         0
                text55                            1ABCE    1ABCE       44         0
                text54                            18864    18864      12C         0
                text53                            194FC    194FC       D0         0
                text52                            19182    19182       EE         0
                text51                            15598    15598      32E         0
                text50                            195CC    195CC       CA         0
                text49                            1A0A8    1A0A8       A6         0
                text48                            19E9C    19E9C       B0         0
                text47                            1AFEA    1AFEA       20         0
                text46                            19BD0    19BD0       B6         0
                text45                            1AEC6    1AEC6       2C         0
                text44                            1AF72    1AF72       2A         0
                text43                            1AF48    1AF48       2A         0
                text42                            1B07C    1B07C       12         0
                text41                            18EA6    18EA6       F4         0
                text40                            1B15A    1B15A        A         0
                text39                            19428    19428       D4         0
                text38                            1B150    1B150        A         0
                text37                            1B146    1B146        A         0
                text36                            1ADDA    1ADDA       30         0
                text35                            19B18    19B18       B8         0
                text34                            19A5C    19A5C       BC         0
                text33                            1A32E    1A32E       9A         0
                text32                            1A5EE    1A5EE       7C         0
                text31                            17AC6    17AC6      188         0
                text30                            1779E    1779E      19E         0
                text29                            198E0    198E0       BE         0
                text28                            1A14E    1A14E       A2         0
                text27                            158C6    158C6      2D0         0
                text26                            1AF1E    1AF1E       2A         0
                text25                            1B0EC    1B0EC        E         0
                text24                            13E64    13E64      4F6         0
                text23                            10D40    10D40      CE4         0
                text22                            1AD06    1AD06       36         0
                text21                            1B0DE    1B0DE        E         0
                text20                            131A6    131A6      74C         0
                text19                            10000    10000      D40         0
                text18                            1A758    1A758       72         0
                text17                            1A56C    1A56C       82         0
                text16                            1435A    1435A      432         0
                text15                            19352    19352       D6         0
                text14                            1B0D0    1B0D0        E         0
                text13                            1B12E    1B12E        C         0
                text12                            1478C    1478C      3B4         0
                text11                            1B122    1B122        C         0
                text10                            138F2    138F2      572         0
                text9                             14B40    14B40      39E         0
                text8                             1630E    1630E      26E         0
                text7                             1B0C2    1B0C2        E         0
                text6                             160A0    160A0      26E         0
                text5                             1B116    1B116        C         0
                text4                             11A24    11A24      7D6         0
                text3                             16A2A    16A2A      22E         0
                text2                             1AFC6    1AFC6       24         0
                text1                             1B04A    1B04A       1A         0
                text0                             175F4    175F4      1AA         0
                cinit                             19C86    19C86       B2         0
                idataBANK5                        1B1C8    1B1C8        2         0
                idataBANK1                        1B1C6    1B1C6        2         0

        CLASS   CONST          

        CLASS   SMALLCONST     

        CLASS   MEDIUMCONST    
                mediumconst                        FB8A     FB8A      476         0

        CLASS   COMRAM         
                temp                                 49       49        1         1
                cstackCOMRAM                         25       25       24         1
                bssCOMRAM                             1        1       24         1

        CLASS   ABS1           

        CLASS   BIGRAM         

        CLASS   RAM            

        CLASS   BANK0          
                cstackBANK0                          60       60       64         1
                bssBANK0                             C4       C4       3C         1

        CLASS   BANK1          
                cstackBANK1                         1AA      1AA       1D         1
                dataBANK1                           1C7      1C7        2         1
                bssBANK1                            100      100       AA         1

        CLASS   BANK2          
                bssBANK2                            200      200       FF         1

        CLASS   BANK3          
                bssBANK3                            300      300       FF         1

        CLASS   BANK4          
                bssBANK4                            400      400       FF         1

        CLASS   BANK5          
                dataBANK5                           5FC      5FC        2         1
                bssBANK5                            500      500       FC         1

        CLASS   BANK6          
                cstackBANK6                         678      678       54         1
                bssBANK6                            600      600       78         1

        CLASS   BANK7          

        CLASS   BANK8          

        CLASS   BANK9          

        CLASS   BANK10         

        CLASS   BANK11         

        CLASS   BANK12         

        CLASS   BANK13         

        CLASS   BANK14         

        CLASS   BANK15         

        CLASS   SFR            

        CLASS   FARRAM         

        CLASS   CONFIG         
                config                           300000   300000        E         0

        CLASS   IDLOC          
                idloc                            200000   200000        8         0

        CLASS   EEDATA         



SEGMENTS        Name                           Load    Length   Top    Selector   Space  Class

                reset_vec                      000000  000004  000004         0       0  CODE    
                bssCOMRAM                      000001  000049  00004A         1       1  COMRAM  
                intcode                        000008  000462  00046A         4       0  CODE    
                cstackBANK0                    000060  0000A0  000100        60       1  BANK0   
                bssBANK1                       000100  0000C9  0001C9       100       1  BANK1   
                bssBANK2                       000200  0000FF  0002FF       200       1  BANK2   
                bssBANK3                       000300  0000FF  0003FF       300       1  BANK3   
                bssBANK4                       000400  0000FF  0004FF       400       1  BANK4   
                bssBANK5                       000500  0000FE  0005FE       500       1  BANK5   
                bssBANK6                       000600  0000CC  0006CC       600       1  BANK6   
                mediumconst                    00FB8A  000476  010000      7DC5       0  MEDIUMCO
                text19                         010000  00B1CA  01B1CA      8000       0  CODE    
                idloc                          200000  000008  200008    200000       0  IDLOC   
                config                         300000  00000E  30000E    300000       0  CONFIG  


UNUSED ADDRESS RANGES

        Name                Unused          Largest block    Delta
        BANK1            0001C9-0001FF               37
        BANK10           000A00-000AFF              100
        BANK11           000B00-000BFF              100
        BANK12           000C00-000CFF              100
        BANK13           000D00-000DFF              100
        BANK14           000E00-000EFF              100
        BANK15           000F00-000F15               16
        BANK2            0002FF-0002FF                1
        BANK3            0003FF-0003FF                1
        BANK4            0004FF-0004FF                1
        BANK5            0005FE-0005FF                2
        BANK6            0006CC-0006FF               34
        BANK7            000700-0007FF              100
        BANK8            000800-0008FF              100
        BANK9            000900-0009FF              100
        BIGRAM           00004A-00005F               16
                         0001C9-0001FF               37
                         0002FF-0002FF                1
                         0003FF-0003FF                1
                         0004FF-0004FF                1
                         0005FE-0005FF                2
                         0006CC-000F15              84A
        CODE             000004-000007                4
                         00046A-00FB89             F720
                         01B1CA-01FFFF             4E36
        COMRAM           00004A-00005F               16
        CONST            000004-000007                4
                         00046A-00FB89             F720
                         01B1CA-01FFFF             4E36
        EEDATA           F00000-F003FF              400
        MEDIUMCONST      001000-00FB89             EB8A
                         01B1CA-01FFFF             4E36
        RAM              0001C9-0001FF               37
                         0002FF-0002FF                1
                         0003FF-0003FF                1
                         0004FF-0004FF                1
                         0005FE-0005FF                2
                         0006CC-000F15              100
        SFR              000F16-000FFF               4A
        SMALLCONST       001000-00FB89              100
                         01B1CA-01FFFF              100
        STACK            0006CC-000F15              84A

                                  Symbol Table

?_BCDtoI                                    cstackBANK0  000074
?_Read_Adc                                  cstackBANK0  000060
?___altoft                                  cstackBANK0  000099
?___awdiv                                   cstackBANK0  000066
?___awmod                                   cstackBANK0  000060
?___awtoft                                  cstackCOMRAM 00002D
?___ftadd                                   cstackBANK0  00008D
?___ftdiv                                   cstackBANK0  0000A5
?___ftmul                                   cstackBANK0  000074
?___ftneg                                   cstackBANK0  000083
?___ftpack                                  cstackBANK0  000060
?___ftsub                                   cstackBANK0  0000AB
?___fttol                                   cstackBANK0  00008A
?___lbtoft                                  cstackBANK0  000068
?___lldiv                                   cstackBANK0  000060
?___llmod                                   cstackBANK0  00006D
?___lltoft                                  cstackBANK0  000068
?___lwtoft                                  cstackBANK0  000068
?___wmul                                    cstackBANK0  00006E
?__div_to_l_                                cstackBANK0  000060
?__tdiv_to_l_                               cstackBANK0  000060
?_cos                                       cstackBANK0  0000C1
?_eval_poly                                 cstackBANK0  000099
?_floor                                     cstackBANK0  0000A3
?_fround                                    cstackBANK0  000083
?_int_eeprom_read                           cstackBANK0  000060
?_printf                                    cstackBANK0  0000B1
?_scale                                     cstackBANK0  000083
?_sin                                       cstackBANK0  0000B4
?_sqrt                                      cstackBANK0  0000B1
?i2___ftadd                                 cstackCOMRAM 00002D
?i2___ftpack                                cstackCOMRAM 000025
BCDtoI@BCD                                  cstackBANK0  000074
BCDtoI@result                               cstackBANK0  000079
I2C_Read@v_ackOption_u8                     cstackBANK0  000060
I2C_Read@v_i2cData_u8                       cstackBANK0  000061
I2C_Write@v_i2cData_u8                      cstackBANK0  000060
RTC_GetDateTime@rtc                         cstackBANK0  000062
Read_Adc@ch                                 cstackBANK0  000064
_ADCON0                                     (abs)        000FC2
_ADCON1                                     (abs)        000FC1
_ADCON2                                     (abs)        000FC0
_ADON                                       (abs)        007E10
_ADRESH                                     (abs)        000FC4
_ADRESL                                     (abs)        000FC3
_ANSEL0                                     (abs)        007928
_ANSEL1                                     (abs)        007929
_ANSEL10                                    (abs)        007922
_ANSEL11                                    (abs)        007923
_ANSEL16                                    (abs)        007918
_ANSEL17                                    (abs)        007919
_ANSEL18                                    (abs)        00791A
_ANSEL19                                    (abs)        00791B
_ANSEL2                                     (abs)        00792A
_ANSEL3                                     (abs)        00792B
_ANSEL4                                     (abs)        00792C
_ANSEL6                                     (abs)        00792E
_ANSEL8                                     (abs)        007920
_ANSEL9                                     (abs)        007921
_Avg_Current                                bssBANK6     00063C
_Avg_RYB_Current                            bssBANK1     000100
_Avg_RYB_Voltage                            bssBANK2     000200
_Avg_Voltage                                bssBANK6     00063F
_BAUDCON2bits                               (abs)        000F20
_BAUDCONbits                                (abs)        000F65
_BCDtoI                                     text39       019428
_BGR_Arr                                    bssBANK4     000400
_BGR_Arr_1                                  bssBANK4     00045A
_BGR_Avg                                    bssBANK2     0002E4
_BGR_Avg_1                                  bssBANK2     000203
_BV_PS                                      bssBANK2     00027E
_BV_PS_Max                                  bssBANK3     0003E1
_B_C                                        bssBANK2     000280
_B_C_Arr                                    bssBANK4     000478
_B_C_Avg_Steps                              bssBANK4     0004DB
_B_C_Gap                                    bssBANK5     000516
_B_C_Max                                    bssBANK2     000206
_B_Curr                                     bssBANK0     0000C4
_B_Current                                  bssBANK5     000519
_B_Current_1                                bssBANK5     00051C
_B_Deg                                      bssBANK6     000642
_B_Gap_Ratio                                bssBANK1     000103
_B_PF_Avg                                   text123      0129D0
_B_PF_Avg$8138                              cstackBANK6  0006C3
_B_PF_Avg$8139                              cstackBANK6  0006C6
_B_PF_Avg$8140                              cstackBANK6  0006C9
_B_PF_Avg$8141                              cstackBANK6  000678
_B_PF_Avg$8142                              cstackBANK6  00067B
_B_PF_Avg$8143                              cstackBANK6  00067E
_B_PF_Avg$8144                              cstackBANK6  000681
_B_PF_Avg$8145                              cstackBANK6  000684
_B_PF_Avg$8146                              cstackBANK6  000687
_B_PF_Avg$8147                              cstackBANK6  00068A
_B_PF_Avg$8148                              cstackBANK6  00068D
_B_PF_Avg$8149                              cstackBANK6  000690
_B_PF_Avg$8150                              cstackBANK6  000693
_B_PF_Avg$8151                              cstackBANK6  000696
_B_PF_Avg$8152                              cstackBANK6  000699
_B_PF_Avg$8153                              cstackBANK6  00069C
_B_PF_Avg$8154                              cstackBANK6  00069F
_B_PF_Avg$8155                              cstackBANK6  0006A2
_B_PF_Avg$8156                              cstackBANK6  0006A5
_B_PF_Avg$8157                              cstackBANK6  0006A8
_B_PF_Avg$8158                              cstackBANK6  0006AB
_B_PF_Avg$8159                              cstackBANK6  0006AE
_B_PF_Avg$8160                              cstackBANK6  0006B1
_B_PF_Avg$8161                              cstackBANK6  0006B4
_B_PF_Avg$8162                              cstackBANK6  0006B7
_B_PF_Avg$8163                              cstackBANK6  0006BA
_B_PF_Avg$8164                              cstackBANK6  0006BD
_B_PF_Avg$8165                              cstackBANK6  0006C0
_B_PF_Calc                                  text122      016E86
_B_PF_Calc$8137                             cstackBANK0  0000B4
_B_PF_Flag                                  bssBANK1     00014C
_B_Peak                                     bssBANK1     00011E
_B_Power_Factor                             bssBANK5     00051F
_B_Rad                                      bssBANK5     000522
_B_V                                        bssBANK2     000282
_B_V_Arr                                    bssBANK4     000481
_B_V_Avg_Steps                              bssBANK4     0004DE
_B_V_Gap                                    bssBANK5     000525
_B_V_Max                                    bssBANK2     000209
_B_Volt                                     bssCOMRAM    000001
_Bcurr_New                                  bssBANK1     00019E
_Bcurr_Old                                  bssBANK6     000645
_Bcurr_V_New                                bssBANK0     0000F4
_Bcurr_V_Old                                bssBANK2     00020C
_CCP10CON                                   (abs)        000F40
_CCP10IE                                    (abs)        007DB7
_CCP10IF                                    (abs)        007DBF
_CCP1CON                                    (abs)        000FBB
_CCP1IE                                     (abs)        007D19
_CCP1IF                                     (abs)        007D21
_CCP3CON                                    (abs)        000F49
_CCP3IE                                     (abs)        007DB0
_CCP3IF                                     (abs)        007DB8
_CCP4CON                                    (abs)        000F77
_CCP4IE                                     (abs)        007DB1
_CCP4IF                                     (abs)        007DB9
_CCP5CON                                    (abs)        000F74
_CCP5IE                                     (abs)        007DB2
_CCP5IF                                     (abs)        007DBA
_CCP6CON                                    (abs)        000F71
_CCP6IE                                     (abs)        007DB3
_CCP6IF                                     (abs)        007DBB
_CCP7CON                                    (abs)        000F6E
_CCP7IE                                     (abs)        007DB4
_CCP7IF                                     (abs)        007DBC
_CCP8CON                                    (abs)        000F46
_CCP8IE                                     (abs)        007DB5
_CCP8IF                                     (abs)        007DBD
_CCPR10H                                    (abs)        000F42
_CCPR10L                                    (abs)        000F41
_CCPR1H                                     (abs)        000FBD
_CCPR1L                                     (abs)        000FBC
_CCPR3H                                     (abs)        000F4B
_CCPR3L                                     (abs)        000F4A
_CCPR4H                                     (abs)        000F79
_CCPR4L                                     (abs)        000F78
_CCPR5H                                     (abs)        000F76
_CCPR5L                                     (abs)        000F75
_CCPR6H                                     (abs)        000F73
_CCPR6L                                     (abs)        000F72
_CCPR7H                                     (abs)        000F70
_CCPR7L                                     (abs)        000F6F
_CCPR8H                                     (abs)        000F48
_CCPR8L                                     (abs)        000F47
_Capacitor_Adding                           text147      01A66A
_Capacitor_Counter                          bssBANK1     000120
_Case_Call                                  dataBANK1    0001C7
_Check                                      bssBANK2     0002B6
_Communication_Error                        text79       01A89E
_Communication_OTP                          bssCOMRAM    000015
_Cons_Gene                                  text121      018990
_Consumption                                bssBANK2     0002B7
_DC_BUS_Current_Counter                     bssBANK1     00014D
_DC_BUS_High_Counter                        bssBANK1     00014E
_DC_BUS_Low_Counter                         bssBANK1     00014F
_DC_Bus_Current                             bssBANK2     00020F
_DC_Bus_Voltage                             text78       019270
_DC_Bus_Voltage_Flag                        bssBANK1     000150
_Data                                       bssBANK6     000600
_Data_1                                     bssBANK5     000500
_Delay_counter                              bssBANK1     000151
_Desired_Frequency                          bssCOMRAM    000016
_Dummy                                      bssBANK5     0005C4
_EEADR                                      (abs)        000F62
_EECON1bits                                 (abs)        000F7F
_EECON2                                     (abs)        000F7E
_EEDATA                                     (abs)        000F61
_EEPROM_Error_Flag                          bssCOMRAM    000017
_EEPROM_Error_Monitor                       text80       015E2E
_EEPROM_Error_Stop                          text51       015598
_EP_Errors1                                 bssCOMRAM    000018
_EP_Errors2                                 bssCOMRAM    000019
_EP_Errors3                                 bssCOMRAM    00001A
_Error_Checking_Interrupt_Overflow          text145      01B18C
_Error_Checking_One_Second                  text53       0194FC
_Error_Flag_Kill                            text50       0195CC
_Error_Scan_Ramp_up                         text46       019BD0
_Error_Scan_Running                         text48       019E9C
_Error_Scan_start_up                        text41       018EA6
_Errors                                     bssCOMRAM    00001B
_Errors1                                    bssBANK0     0000E1
_Errors2                                    bssBANK1     000152
_Errors3                                    bssBANK1     000153
_Errors4                                    bssBANK1     000154
_Errors5                                    bssBANK1     000155
_Feedback_Error                             bssBANK1     000156
_Five_Delay_counter                         bssBANK1     000157
_Five_Sec_Delay                             text45       01AEC6
_Five_Sec_Delay_vab                         bssBANK1     000158
_Five_Second_flag                           bssBANK1     000159
_Five_sec_Delay_Flag                        bssBANK2     0002B8
_Flag_temp                                  bssBANK5     0005C6
_Freq_Calc                                  text120      0170B4
_Freq_Calc$8078                             cstackBANK0  0000B4
_Freq_Flag                                  bssBANK1     00015A
_Frequency                                  bssBANK0     0000C7
_Frequency_1                                bssBANK5     000528
_Frequency_Error_counter                    bssBANK1     00015B
_GCB_phasev_flag                            bssBANK2     0002B9
_GCDc_high_flag                             bssBANK2     0002BA
_GCDc_low_flag                              bssBANK2     0002BB
_GCG_rpm_flag                               bssBANK2     0002BC
_GCM_slip_flag                              bssBANK2     0002BD
_GCR_phasev_flag                            bssBANK2     0002BE
_GCR_slip_flag                              bssBANK2     0002BF
_GCT_rpm_flag                               bssBANK2     0002C0
_GCWind_flag                                bssBANK2     0002C1
_GCY_phasev_flag                            bssBANK2     0002C2
_GCphase_flag                               bssBANK2     0002C3
_GCvfd_curr_flag                            bssBANK2     0002C4
_GENERATOR_RPM_THEORY                       bssBANK2     000212
_GIE                                        (abs)        007F97
_GODONE                                     (abs)        007E11
_GRPM_Cap                                   bssBANK2     000284
_GRPM_Cap_New                               bssBANK1     000122
_GRPM_Cap_Old                               bssBANK1     000124
_GRPM_Counter                               bssBANK2     000286
_GRPM_Frequency                             bssBANK4     0004E1
_GRPM_Pulse_width                           bssBANK2     0002F3
_GRPM_Time                                  bssBANK4     0004A5
_GRPM_Time_1                                bssBANK2     0002E7
_G_RPM_Counter                              bssBANK1     00015C
_G_RPM_counter                              bssBANK0     0000E2
_G_RPM_counter_1                            bssBANK5     0005C8
_GcDate                                     bssBANK1     00015D
_GcHour                                     bssBANK1     00015E
_GcMin                                      bssBANK1     00015F
_GcMonth                                    bssBANK1     000160
_GcSec                                      bssBANK1     000161
_GcYear                                     bssBANK1     000162
_Gc_Generator_One_Fb                        bssBANK2     0002C5
_Gc_Grid_Phase_Unbalance                    bssBANK2     0002C6
_Gc_Grid_Phase_Unbalance_Error              bssBANK2     0002C7
_Gc_Motor_Slip_Error                        bssBANK2     0002C8
_Gc_Pitch_Coil_Fb                           bssBANK2     0002C9
_Gc_Pitch_Coil_Feedback_Error               bssBANK2     0002CA
_Gc_Rotor_Slip_Error                        bssBANK2     0002CB
_Gc_TRPM_Rampup_Error                       bssBANK2     0002CC
_Gc_Turbine2Wheel_Ratio_Error               bssBANK2     0002CD
_Gc_VFD_DC_Bus_Error                        bssBANK2     0002CE
_Gen_EP_Err_Flag                            bssBANK0     0000E3
_Gen_Theory                                 bssBANK2     000215
_Generator_IO_init                          text116      01B1AE
_Generator_One_Counter                      bssBANK1     000163
_Generator_One_Feedback                     text77       01A834
_Generator_One_Feedback_Error               bssBANK1     000164
_Generator_Over_Speed                       bssBANK1     000165
_Generator_RPM                              text76       01AB2E
_Generator_RPM_0                            bssBANK5     00052B
_Generator_RPM_1                            bssBANK5     00052E
_Generator_RPM_10                           bssBANK5     000531
_Generator_RPM_2                            bssBANK5     000534
_Generator_RPM_3                            bssBANK5     000537
_Generator_RPM_4                            bssBANK5     00053A
_Generator_RPM_5                            bssBANK5     00053D
_Generator_RPM_6                            bssBANK5     000540
_Generator_RPM_7                            bssBANK5     000543
_Generator_RPM_8                            bssBANK5     000546
_Generator_RPM_9                            bssBANK5     000549
_Generator_RPM_Cal                          text118      014EDE
_Generator_RPM_FLT                          bssCOMRAM    000004
_Generator_RPM_INT                          bssBANK2     000288
_Generator_RPM_Initiate                     text117      01B108
_Generator_RPM_New                          bssBANK1     000106
_Generator_RPM_Old                          bssBANK1     000109
_GfB_current                                bssBANK5     00054C
_GfB_volt                                   bssBANK5     00054F
_GfG_rpm                                    bssBANK5     000552
_GfKva                                      bssBANK5     000555
_GfKvar                                     bssBANK5     000558
_GfKw                                       bssBANK5     00055B
_GfR_current                                bssBANK5     00055E
_GfR_volt                                   bssBANK5     000561
_GfT_rpm                                    bssBANK5     000564
_GfY_current                                bssBANK5     000567
_GfY_volt                                   bssBANK5     00056A
_Gf_Blue_Current                            bssBANK6     000648
_Gf_Blue_Phase_Voltage                      bssBANK6     00064B
_Gf_Grid_Frequency                          bssBANK6     00064E
_Gf_KW                                      bssBANK6     000651
_Gf_Motor_Slip                              bssBANK6     000654
_Gf_Red_Current                             bssBANK6     000657
_Gf_Red_Phase_Voltage                       bssBANK6     00065A
_Gf_Rotor_Slip                              bssBANK6     00065D
_Gf_TRPM_Frequency                          bssBANK5     00056D
_Gf_TRPM_Time                               bssBANK5     000570
_Gf_TRPM_Time_1                             bssBANK5     000573
_Gf_Turbine2Wheel_Ratio                     bssBANK4     0004A8
_Gf_Turbine_RPM_1                           bssBANK5     000576
_Gf_Turbine_RPM_Prev                        bssBANK5     000579
_Gf_VFD_DC_Bus_Voltage                      bssBANK6     000660
_Gf_Wind_Cut_In_Counter                     bssBANK2     0002CF
_Gf_Yellow_Current                          bssBANK6     000663
_Gf_Yellow_Phase_Voltage                    bssBANK6     000666
_Gfwind                                     bssBANK5     00057C
_GiData                                     bssBANK2     00028A
_GiDay                                      bssBANK5     0005CA
_GiHours                                    bssBANK2     00028C
_GiHours_1                                  bssBANK1     000126
_GiHours_2                                  bssBANK0     0000D9
_GiHours_3                                  bssBANK1     000128
_GiMinutes                                  bssBANK2     00028E
_GiMinutes_1                                bssBANK0     0000DB
_GiMinutes_2                                bssCOMRAM    000013
_GiMinutes_3                                bssBANK0     0000DD
_GiMonth                                    bssBANK3     0003E3
_GiSeconds                                  bssBANK2     000290
_GiYear                                     bssBANK3     0003E5
_Gi_TRPM_Cap                                bssBANK5     0005CC
_Gi_TRPM_Cap_New                            bssBANK5     0005CE
_Gi_TRPM_Cap_Old                            bssBANK5     0005D0
_Gi_TRPM_Pulse_width                        bssBANK5     0005D2
_Gi_Timer1_OF_counter                       bssBANK2     000292
_Gi_Timer1_OF_counter_Generator_Temp        bssBANK3     0003E7
_Grid_Frequency                             text75       01A4E8
_Grid_Frequency_Error                       bssBANK0     0000E4
_Grid_Maximum_Power                         text74       01AA7E
_Grid_Minimum_Power                         text73       01AA22
_Grid_OV                                    text72       017F32
_Grid_Ov_Counter                            bssBANK1     000166
_Grid_Over_Current                          text71       0185EE
_Grid_Over_current                          bssCOMRAM    00001C
_Grid_Ovr_voltage                           bssBANK0     0000E5
_Grid_Phase_Sequence                        text70       01B00A
_Grid_Phase_Sequence_Error                  bssBANK0     0000E6
_Grid_UV                                    text69       017DCA
_Grid_UV_Counter                            bssBANK1     000167
_Grid_Und_voltage                           bssBANK0     0000E7
_Hours                                      bssBANK2     0002D0
_Hours_1                                    bssBANK2     0002F5
_Hours_2                                    bssBANK2     0002F7
_I2C_Init                                   text97       01B0B2
_I2C_Read                                   text36       01ADDA
_I2C_Start                                  text96       01B19E
_I2C_Stop                                   text95       01B196
_I2C_Write                                  text93       01B08E
_INTCONbits                                 (abs)        000FF2
_IO_Initiate                                text111      01AC52
_ISR                                        intcode      000008
_Initial_Check                              bssBANK2     0002D1
_Initial_Delay_Second                       bssBANK1     00012A
_KVA                                        bssBANK2     000218
_KVA_1                                      bssBANK5     00057F
_KVA_Sign                                   bssBANK2     0002D2
_KVAr                                       bssBANK4     0004AB
_KVAr_1                                     bssBANK5     000582
_KW                                         bssCOMRAM    000022
_KW_1                                       bssBANK5     000585
_KW_Counter                                 bssBANK1     000168
_KW_Counter_Max                             bssBANK1     000169
_KW_Maximum_Error                           bssBANK1     00016A
_KW_Minimum_Error                           bssBANK1     00016B
_Key_Counter                                bssBANK1     00016C
_Key_Flag                                   bssBANK1     00016D
_Last_3_EEPROM_ERROR_Trigger                text52       019182
_Last_Five_Error                            text47       01AFEA
_Lead_Lag                                   bssBANK2     0002D3
_Minutes                                    bssBANK1     00016E
_Minutes_1                                  bssBANK1     00016F
_Mot_Frequency                              bssBANK5     0005F9
_Motor_Slip_Cal                             text67       018BA8
_Motor_Slip_Error_Flag                      bssBANK1     000170
_Motor_slip                                 bssBANK0     0000CA
_Motor_slip_1                               bssBANK5     000588
_OSCCON                                     (abs)        000FD3
_OSCILLATOR                                 text110      01B1BC
_OV_Counter                                 bssBANK1     000171
_One_Sec_Delay                              text44       01AF72
_One_Sec_Delay_vab                          bssBANK1     000172
_One_Sec_Flag                               bssBANK0     0000E8
_One_Time_Flag                              bssBANK1     000173
_One_sec_Delay_Flag                         bssBANK1     000174
_PEIE                                       (abs)        007F96
_PF_Lead_Lag                                bssBANK2     0002D4
_PIE1bits                                   (abs)        000F9D
_PIE3bits                                   (abs)        000FA3
_PIR1bits                                   (abs)        000F9E
_PIR3bits                                   (abs)        000FA4
_PM_ADC_Initialization                      text109      01B16E
_PM_Error_Led                               text143      015244
_PM_IO_Initialization                       text108      01A908
_PM_Timer_Initialization                    text107      01B164
_PORTD                                      (abs)        000F83
_PS                                         bssCOMRAM    00001D
_PWM_Temp                                   bssBANK4     0004AE
_PW_Error_Flag                              bssBANK2     0002D5
_Phase_Angle                                bssBANK1     000175
_Phase_Sequence                             text105      01809A
_Phase_Sequence_Ok                          bssCOMRAM    00001E
_Pitch_Counter                              bssBANK2     000294
_Pitch_EP_Err_Flag                          bssBANK0     0000E9
_Pitch_FB_Error_Flag                        bssBANK0     0000EA
_Pitch_FB_Error_counter                     bssBANK1     000176
_Pitch_Feedback                             text66       01A7CA
_Pitch_PS_ON_Function                       text65       01AD3C
_Pitch_Ps_Counter                           bssBANK3     0003E9
_Pitch_Release                              text89       01AC92
_Pitch_Solenoid_init                        text115      01B1A6
_Pitching_FlAG                              bssBANK2     000296
_Power_Calc                                 text103      0167E4
_Power_Calc$8167                            cstackBANK1  0001B0
_Power_Calc$8168                            cstackBANK1  0001AD
_Power_Calc$8169                            cstackBANK1  0001AA
_Power_Factor                               text102      01975E
_Power_Factor$8166                          cstackBANK0  0000B4
_Power_Meter_Error_IO                       text114      01B182
_RA4                                        (abs)        007C04
_RA5                                        (abs)        007C05
_RAMP_UP                                    text85       018F9A
_RAMP_UP_GENERATOR_CUT_IN_RPM               bssBANK4     0004B1
_RAMP_UP_TURBINE_CUT_IN_RPM                 bssBANK4     0004B4
_RB0                                        (abs)        007C08
_RB1                                        (abs)        007C09
_RB2                                        (abs)        007C0A
_RB4                                        (abs)        007C0C
_RB5                                        (abs)        007C0D
_RC0                                        (abs)        007C10
_RC5                                        (abs)        007C15
_RCREG2                                     (abs)        000F1D
_RCSTA2bits                                 (abs)        000F22
_RCSTAbits                                  (abs)        000FAB
_RD0                                        (abs)        007C18
_RD1                                        (abs)        007C19
_RD2                                        (abs)        007C1A
_RE0                                        (abs)        007C20
_RE1                                        (abs)        007C21
_RE7                                        (abs)        007C27
_RF1                                        (abs)        007C29
_RF3                                        (abs)        007C2B
_RF7                                        (abs)        007C2F
_RGR_Arr                                    bssBANK3     000300
_RGR_Arr_1                                  bssBANK3     0003C6
_RGR_Avg                                    bssBANK2     0002EA
_RGR_Avg_1                                  bssBANK2     00021B
_RPM_Data_Kill                              text101      01793C
_RPM_PWM                                    bssBANK2     0002F9
_RPM_Time                                   bssBANK1     00012C
_RPM_Time_1                                 bssBANK5     0005D4
_RPM_counter                                bssBANK0     0000EB
_RS485_Data_Flag                            bssBANK1     000177
_RS485_Data_communication                   text98       01A1F0
_RTC_GetDateTime                            text35       019B18
_RTC_Init                                   text92       01B02A
_RV_PS                                      bssBANK2     000298
_RV_PS_Max                                  bssBANK3     0003EB
_R_C                                        bssBANK2     00029A
_R_C_Arr                                    bssBANK4     00048A
_R_C_Avg_Steps                              bssBANK4     0004E4
_R_C_Gap                                    bssBANK5     00058B
_R_C_Max                                    bssBANK1     00010C
_R_Curr                                     bssBANK0     0000CD
_R_Current                                  bssBANK5     00058E
_R_Current_1                                bssBANK5     000591
_R_Deg                                      bssBANK6     000669
_R_Gap_Ratio                                bssBANK1     00010F
_R_PF_Avg                                   text91       0121FA
_R_PF_Avg$8080                              cstackBANK6  0006C3
_R_PF_Avg$8081                              cstackBANK6  0006C6
_R_PF_Avg$8082                              cstackBANK6  0006C9
_R_PF_Avg$8083                              cstackBANK6  000678
_R_PF_Avg$8084                              cstackBANK6  00067B
_R_PF_Avg$8085                              cstackBANK6  00067E
_R_PF_Avg$8086                              cstackBANK6  000681
_R_PF_Avg$8087                              cstackBANK6  000684
_R_PF_Avg$8088                              cstackBANK6  000687
_R_PF_Avg$8089                              cstackBANK6  00068A
_R_PF_Avg$8090                              cstackBANK6  00068D
_R_PF_Avg$8091                              cstackBANK6  000690
_R_PF_Avg$8092                              cstackBANK6  000693
_R_PF_Avg$8093                              cstackBANK6  000696
_R_PF_Avg$8094                              cstackBANK6  000699
_R_PF_Avg$8095                              cstackBANK6  00069C
_R_PF_Avg$8096                              cstackBANK6  00069F
_R_PF_Avg$8097                              cstackBANK6  0006A2
_R_PF_Avg$8098                              cstackBANK6  0006A5
_R_PF_Avg$8099                              cstackBANK6  0006A8
_R_PF_Avg$8100                              cstackBANK6  0006AB
_R_PF_Avg$8101                              cstackBANK6  0006AE
_R_PF_Avg$8102                              cstackBANK6  0006B1
_R_PF_Avg$8103                              cstackBANK6  0006B4
_R_PF_Avg$8104                              cstackBANK6  0006B7
_R_PF_Avg$8105                              cstackBANK6  0006BA
_R_PF_Avg$8106                              cstackBANK6  0006BD
_R_PF_Avg$8107                              cstackBANK6  0006C0
_R_PF_Calc                                  text90       016C58
_R_PF_Calc$8079                             cstackBANK0  0000B4
_R_PF_Flag                                  bssBANK1     000178
_R_Peak                                     bssBANK1     00012E
_R_Power_Factor                             bssBANK5     000594
_R_Rad                                      bssBANK5     000597
_R_V                                        bssBANK2     00029C
_R_V_Arr                                    bssBANK3     0003D5
_R_V_Avg_Steps                              bssBANK4     0004E7
_R_V_Gap                                    bssBANK5     00059A
_R_V_Max                                    bssBANK1     000112
_R_V_New                                    bssBANK0     0000F7
_R_V_Old                                    bssBANK0     0000D0
_R_Volt                                     bssCOMRAM    000007
_Ramp_Up_Slip                               text64       019F4C
_Ramp_Up_Slip_Error_Trigger                 text63       01872E
_Rampup_state_function                      text84       01B1B6
_Rcurr_New                                  bssBANK1     0001A1
_Rcurr_Old                                  bssBANK6     00066C
_Rcurr_V_New                                bssBANK0     0000FA
_Rcurr_V_Old                                bssBANK2     00021E
_Read_Adc                                   text106      01AC12
_Rotor_Slip_Cal                             text62       019DEA
_Rotor_Slip_Error_Flag                      bssBANK1     000179
_Rotor_slip                                 bssBANK0     0000D3
_Rotor_slip_1                               bssBANK5     00059D
_SPBRG1                                     (abs)        000FAF
_SPBRG2                                     (abs)        000F1E
_SSP1ADD                                    (abs)        000FC8
_SSP1BUF                                    (abs)        000FC9
_SSP1CON1                                   (abs)        000FC6
_SSP1CON2bits                               (abs)        000FC5
_SSP1STAT                                   (abs)        000FC7
_SSP1STATbits                               (abs)        000FC7
_S_S_Counter                                bssBANK1     00017A
_Serial_No                                  bssBANK0     0000DF
_Slave_Id                                   bssBANK5     0005D6
_Slip_Error_Counter                         bssBANK1     00017B
_Slip_Error_Counter_1                       bssBANK1     00017C
_Slip_Flag                                  bssBANK1     00017D
_Start_Stop                                 text61       01999E
_Start_Stop_Flag                            bssCOMRAM    00001F
_Start_Stop_Flag_1                          bssBANK2     0002D6
_Start_up_Error                             dataBANK1    0001C8
_Stopping_Counter                           bssBANK1     00017E
_Stopping_state_function                    text49       01A0A8
_T0CON                                      (abs)        000FD5
_T1                                         bssBANK5     0005D8
_T1CKPS0                                    (abs)        007E6C
_T1CKPS1                                    (abs)        007E6D
_T1CONbits                                  (abs)        000FCD
_T7CON                                      (abs)        000F3D
_TEMP_1                                     bssBANK5     0005DA
_TMR0IE                                     (abs)        007F95
_TMR0IF                                     (abs)        007F92
_TMR1IE                                     (abs)        007CE8
_TMR1IF                                     (abs)        007CF0
_TMR1ON                                     (abs)        007E68
_TMR7IE                                     (abs)        007DCB
_TMR7IF                                     (abs)        007DD3
_TRISA4                                     (abs)        007C94
_TRISA5                                     (abs)        007C95
_TRISAbits                                  (abs)        000F92
_TRISB0                                     (abs)        007C98
_TRISB1                                     (abs)        007C99
_TRISB2                                     (abs)        007C9A
_TRISB4                                     (abs)        007C9C
_TRISB5                                     (abs)        007C9D
_TRISC0                                     (abs)        007CA0
_TRISC2                                     (abs)        007CA2
_TRISC3                                     (abs)        007CA3
_TRISC4                                     (abs)        007CA4
_TRISC5                                     (abs)        007CA5
_TRISCbits                                  (abs)        000F94
_TRISD0                                     (abs)        007CA8
_TRISD1                                     (abs)        007CA9
_TRISD2                                     (abs)        007CAA
_TRISE0                                     (abs)        007CB0
_TRISE1                                     (abs)        007CB1
_TRISE3                                     (abs)        007CB3
_TRISE7                                     (abs)        007CB7
_TRISEbits                                  (abs)        000F96
_TRISF1                                     (abs)        007CB9
_TRISF3                                     (abs)        007CBB
_TRISF4                                     (abs)        007CBC
_TRISFbits                                  (abs)        000F97
_TRISGbits                                  (abs)        000F98
_TRPM_Cal                                   bssBANK0     0000EC
_TRPM_Cap_New                               bssBANK1     000130
_TRPM_Cap_Old                               bssBANK1     000132
_TRPM_Frequency                             bssBANK4     0004EA
_TRPM_OverSpeed_Counter                     bssBANK1     00017F
_TRPM_Time                                  bssBANK4     0004ED
_TRPM_Under_Speed_Counter                   bssBANK1     000180
_TURBINE_RPM_THEORY                         bssBANK4     0004B7
_TX1IF                                      (abs)        007CF4
_TX2IF                                      (abs)        007D24
_TXIF                                       (abs)        007CF4
_TXREG                                      (abs)        000FAD
_TXREG1                                     (abs)        000FAD
_TXREG2                                     (abs)        000F1C
_TXSTA2bits                                 (abs)        000F21
_TXSTAbits                                  (abs)        000FAC
_T_Overload_counter                         bssBANK1     000181
_T_RPM_counter                              bssBANK1     000182
_Temp                                       bssBANK2     000221
_Temp_1                                     bssBANK2     0002D7
_Temp_2                                     bssBANK2     0002D8
_Temp_3                                     bssBANK2     0002D9
_Temp_4                                     bssBANK2     0002DA
_Temp_5                                     bssBANK2     0002DB
_Temp_6                                     bssBANK2     0002DC
_Temp_Arr                                   bssBANK3     0003B4
_Temp_Read                                  text83       017C4E
_Temp_Read$8073                             cstackBANK0  0000B4
_Temp_Read$8074                             cstackBANK0  0000B7
_Temp_Read$8075                             cstackBANK0  0000BA
_Temp_Read$8076                             cstackBANK0  0000BD
_Temp_Sensor                                bssBANK3     0003ED
_Temp_sign                                  bssBANK5     0005A0
_Temperature_Avg                            bssBANK6     00066F
_Temprature                                 bssBANK2     000224
_Ten_Sec_Counter                            bssBANK0     0000ED
_Ten_Sec_Counter_2                          bssBANK0     0000EE
_Ten_Sec_RampUp_Flag                        bssBANK1     000183
_Time_Diff                                  bssBANK4     0004F0
_Time_New                                   bssBANK1     0001A4
_Time_Old                                   bssBANK2     000227
_Timer0_1Sec_Flag                           bssBANK3     0003EF
_Timer0_Falg1                               bssBANK2     0002DD
_Timer0_Falg2                               bssBANK1     000184
_Timer0_OneSecond_Function                  text15       019352
_Timer0_RAMPUP_Counter                      bssBANK1     000185
_Timer0_RS485_flag                          bssBANK5     0005DC
_Timer0_counter                             bssBANK5     0005DE
_Timer1_Initiate                            text14       01B0D0
_Timer1_OF_counter_Generator                bssBANK3     0003F1
_Timer1_OF_counter_Generator_New            bssBANK1     000134
_Timer1_OF_counter_Generator_Old            bssBANK2     00029E
_Timer1_OF_counter_New                      bssBANK1     000136
_Timer1_OF_counter_Old                      bssBANK2     0002A0
_Timer1_OF_counter_Turbine                  bssBANK3     0003F3
_Timer1_OF_counter_Wind                     bssBANK3     0003F5
_Timer1_OF_counter_Wind_2                   bssBANK3     0003F7
_Timer1_OF_counter_Wind_2_temp              bssBANK3     0003F9
[...]
      Params:         0       0       0       0       0       0       0       0       0       0       0       0       0       0       0       0       0
      Locals:         0       0       0       0       0       0       0       0       0       0       0       0       0       0       0       0       0
      Temps:          0       0       0       0       0       0       0       0       0       0       0       0       0       0       0       0       0
      Totals:         0       0       0       0       0       0       0       0       0       0       0       0       0       0       0       0       0
Total ram usage:        0 bytes
 Hardware stack levels used:    1
 Hardware stack levels required when called:    1
 This function calls:
		i2___ftge
 This function is called by:
		_ISR
 This function uses a non-reentrant model


 *************** function i2___ftge *****************
 Defined at:
		line 4 in file "C:\Program Files (x86)\Microchip\xc8\v1.38\sources\common\ftge.c"
 Parameters:    Size  Location     Type
  ff1             3    0[COMRAM] float 
  ff2             3    3[COMRAM] float 
 Auto vars:     Size  Location     Type
		None
 Return value:  Size  Location     Type
		None               void
 Registers used:
		wreg, status,2, status,0
 Tracked objects:
		On entry : 
		On exit  : 
		Unchanged: 
 Data sizes:     COMRAM   BANK0   BANK1   BANK2   BANK3   BANK4   BANK5   BANK6   BANK7   BANK8   BANK9  BANK10  BANK11  BANK12  BANK13  BANK14  BANK15
      Params:         6       0       0       0       0       0       0       0       0       0       0       0       0       0       0       0       0
      Locals:         0       0       0       0       0       0       0       0       0       0       0       0       0       0       0       0       0
      Temps:          3       0       0       0       0       0       0       0       0       0       0       0       0       0       0       0       0
      Totals:         9       0       0       0       0       0       0       0       0       0       0       0       0       0       0       0       0
Total ram usage:        9 bytes
 Hardware stack levels used:    1
 This function calls:
		Nothing
 This function is called by:
		_PM_Error_Led
 This function uses a non-reentrant model


 *************** function _Error_Checking_Interrupt_Overflow *****************
 Defined at:
		line 73 in file "ERROR_HANDLING.c"
 Parameters:    Size  Location     Type
		None
 Auto vars:     Size  Location     Type
		None
 Return value:  Size  Location     Type
                  2  3826[None  ] int 
 Registers used:
		wreg, status,2, status,0, cstack
 Tracked objects:
		On entry : 
		On exit  : 
		Unchanged: 
 Data sizes:     COMRAM   BANK0   BANK1   BANK2   BANK3   BANK4   BANK5   BANK6   BANK7   BANK8   BANK9  BANK10  BANK11  BANK12  BANK13  BANK14  BANK15
      Params:         0       0       0       0       0       0       0       0       0       0       0       0       0       0       0       0       0
      Locals:         0       0       0       0       0       0       0       0       0       0       0       0       0       0       0       0       0
      Temps:          0       0       0       0       0       0       0       0       0       0       0       0       0       0       0       0       0
      Totals:         0       0       0       0       0       0       0       0       0       0       0       0       0       0       0       0       0
Total ram usage:        0 bytes
 Hardware stack levels used:    1
 Hardware stack levels required when called:    1
 This function calls:
		_Capacitor_Adding
		_VFD_IO_Error
 This function is called by:
		_ISR
 This function uses a non-reentrant model


 *************** function _VFD_IO_Error *****************
 Defined at:
		line 667 in file "ERROR_HANDLING.c"
 Parameters:    Size  Location     Type
		None
 Auto vars:     Size  Location     Type
		None
 Return value:  Size  Location     Type
                  1    wreg      void 
 Registers used:
		wreg, status,2
 Tracked objects:
		On entry : 
		On exit  : 
		Unchanged: 
 Data sizes:     COMRAM   BANK0   BANK1   BANK2   BANK3   BANK4   BANK5   BANK6   BANK7   BANK8   BANK9  BANK10  BANK11  BANK12  BANK13  BANK14  BANK15
      Params:         0       0       0       0       0       0       0       0       0       0       0       0       0       0       0       0       0
      Locals:         0       0       0       0       0       0       0       0       0       0       0       0       0       0       0       0       0
      Temps:          0       0       0       0       0       0       0       0       0       0       0       0       0       0       0       0       0
      Totals:         0       0       0       0       0       0       0       0       0       0       0       0       0       0       0       0       0
Total ram usage:        0 bytes
 Hardware stack levels used:    1
 This function calls:
		Nothing
 This function is called by:
		_Error_Checking_Interrupt_Overflow
 This function uses a non-reentrant model


 *************** function _Capacitor_Adding *****************
 Defined at:
		line 656 in file "Power_Meter.c"
 Parameters:    Size  Location     Type
		None
 Auto vars:     Size  Location     Type
		None
 Return value:  Size  Location     Type
                  1    wreg      void 
 Registers used:
		wreg, status,2, status,0
 Tracked objects:
		On entry : 
		On exit  : 
		Unchanged: 
 Data sizes:     COMRAM   BANK0   BANK1   BANK2   BANK3   BANK4   BANK5   BANK6   BANK7   BANK8   BANK9  BANK10  BANK11  BANK12  BANK13  BANK14  BANK15
      Params:         0       0       0       0       0       0       0       0       0       0       0       0       0       0       0       0       0
      Locals:         0       0       0       0       0       0       0       0       0       0       0       0       0       0       0       0       0
      Temps:          0       0       0       0       0       0       0       0       0       0       0       0       0       0       0       0       0
      Totals:         0       0       0       0       0       0       0       0       0       0       0       0       0       0       0       0       0
Total ram usage:        0 bytes
 Hardware stack levels used:    1
 This function calls:
		Nothing
 This function is called by:
		_Error_Checking_Interrupt_Overflow
 This function uses a non-reentrant model



MODULE INFORMATION

Module		Function		Class		Link	Load	Size
C:\Program Files (x86)\Microchip\xc8\v1.38\sources\common\ftsub.c
		___ftsub       		CODE           	1AB82	0000	77

C:\Program Files (x86)\Microchip\xc8\v1.38\sources\common\ftsub.c estimated size: 77

C:\Program Files (x86)\Microchip\xc8\v1.38\sources\common\float.c
		___ftpack      		CODE           	18A9C	0000	269

C:\Program Files (x86)\Microchip\xc8\v1.38\sources\common\float.c estimated size: 269

Power_Meter.c
		_Volt_Curr_Avg 		CODE           	138F2	0000	1395
		_Cons_Gene     		CODE           	18990	0000	269
		_PM_ADC_Initialization		CODE           	1B16E	0000	11
		_Capacitor_Adding		CODE           	1A66A	0000	123
		_Volt_Curr_Read		CODE           	14B40	0000	927
		_B_PF_Avg      		CODE           	129D0	0000	2007
		_PM_IO_Initialization		CODE           	1A908	0000	99
		_R_PF_Avg      		CODE           	121FA	0000	2007
		_Read_Adc      		CODE           	1AC12	0000	65
		_B_PF_Calc     		CODE           	16E86	0000	559
		_Y_PF_Avg      		CODE           	11A24	0000	2007
		_Freq_Calc     		CODE           	170B4	0000	471
		_Temp_Read     		CODE           	17C4E	0000	381
		_Power_Calc    		CODE           	167E4	0000	583
		_R_PF_Calc     		CODE           	16C58	0000	559
		_Power_Factor  		CODE           	1975E	0000	195
		_Phase_Sequence		CODE           	1809A	0000	359
		_Y_PF_Calc     		CODE           	16A2A	0000	559
		_PM_Error_Led  		CODE           	15244	0000	853
		_PM_Timer_Initialization		CODE           	1B164	0000	11

Power_Meter.c estimated size: 13440

RAMP_UP.c
		_RAMP_UP       		CODE           	18F9A	0000	245
		_VFD_Freq_Step_up		CODE           	18DB0	0000	247
		_VFD_Data_Kill 		CODE           	1AE98	0000	47
		_Error_Flag_Kill		CODE           	195CC	0000	203
		_VFD_PS_ON_Function		CODE           	1A6E4	0000	117

RAMP_UP.c estimated size: 859

C:\Program Files (x86)\Microchip\xc8\v1.38\sources\common\cos.c
		_cos           		CODE           	19820	0000	193

C:\Program Files (x86)\Microchip\xc8\v1.38\sources\common\cos.c estimated size: 193

UART.c
		_putch         		CODE           	1B0EC	0000	15
		_usart2_init   		CODE           	1AE0A	0000	49
		_usart_str     		CODE           	1AD06	0000	55
		_usart_str_1   		CODE           	1B0DE	0000	15
		_usart_str_2   		CODE           	1B0FA	0000	15
		_UART_Data     		CODE           	10000	0000	3393
		_usart_init    		CODE           	1B04A	0000	27
		_UART_Data_String		CODE           	131A6	0000	1869

UART.c estimated size: 5438

C:\Program Files (x86)\Microchip\xc8\v1.38\sources\common\sprcsqrt.c
		_sqrt          		CODE           	1728A	0000	447

C:\Program Files (x86)\Microchip\xc8\v1.38\sources\common\sprcsqrt.c estimated size: 447

C:\Program Files (x86)\Microchip\xc8\v1.38\sources\common\awmod.c
		___awmod       		CODE           	1A14E	0000	163

C:\Program Files (x86)\Microchip\xc8\v1.38\sources\common\awmod.c estimated size: 163

C:\Program Files (x86)\Microchip\xc8\v1.38\sources\common\ftdivl.c
		__tdiv_to_l_   		CODE           	1779E	0000	415

C:\Program Files (x86)\Microchip\xc8\v1.38\sources\common\ftdivl.c estimated size: 415

SLIP_CALCULATIONS.c
		_Ramp_Up_Slip  		CODE           	19F4C	0000	175
		_Motor_Slip_Cal		CODE           	18BA8	0000	267
		_Rotor_Slip_Cal		CODE           	19DEA	0000	179
		_Ramp_Up_Slip_Error_Trigger		CODE           	1872E	0000	311

SLIP_CALCULATIONS.c estimated size: 932

C:\Program Files (x86)\Microchip\xc8\v1.38\sources\common\llmod.c
		___llmod       		CODE           	1A32E	0000	155

C:\Program Files (x86)\Microchip\xc8\v1.38\sources\common\llmod.c estimated size: 155

C:\Program Files (x86)\Microchip\xc8\v1.38\sources\common\Umul16.c
		___wmul        		CODE           	1AD72	0000	55

C:\Program Files (x86)\Microchip\xc8\v1.38\sources\common\Umul16.c estimated size: 55

C:\Program Files (x86)\Microchip\xc8\v1.38\sources\common\frexp.c
		_frexp         		CODE           	1A3C8	0000	145

C:\Program Files (x86)\Microchip\xc8\v1.38\sources\common\frexp.c estimated size: 145

C:\Program Files (x86)\Microchip\xc8\v1.38\sources\common\fldivl.c
		__div_to_l_    		CODE           	17AC6	0000	393

C:\Program Files (x86)\Microchip\xc8\v1.38\sources\common\fldivl.c estimated size: 393

state.c
		_Rampup_state_function		CODE           	1B1B6	0000	7
		_startup_state_function		CODE           	1AFC6	0000	37
		_Stopping_state_function		CODE           	1A0A8	0000	167

state.c estimated size: 211

C:\Program Files (x86)\Microchip\xc8\v1.38\sources\common\floor.c
		_floor         		CODE           	18CB2	0000	255

C:\Program Files (x86)\Microchip\xc8\v1.38\sources\common\floor.c estimated size: 255

C:\Program Files (x86)\Microchip\xc8\v1.38\sources\common\ftmul.c
		___ftmul       		CODE           	18200	0000	351

C:\Program Files (x86)\Microchip\xc8\v1.38\sources\common\ftmul.c estimated size: 351

C:\Program Files (x86)\Microchip\xc8\v1.38\sources\common\ftdiv.c
		___ftdiv       		CODE           	1835E	0000	333

C:\Program Files (x86)\Microchip\xc8\v1.38\sources\common\ftdiv.c estimated size: 333

Initialization.c
		_VFD_Error_IO  		CODE           	1B13A	0000	13
		_Turbine_RPM_Initiate		CODE           	1B122	0000	13
		_Generator_RPM_Initiate		CODE           	1B108	0000	15
		_Timer7_Init   		CODE           	1B12E	0000	13
		_Wind_Speed_Initiate		CODE           	1B116	0000	13
		_Generator_IO_init		CODE           	1B1AE	0000	9
		_Wind_Speed_2_Initiate		CODE           	1B0C2	0000	15
		_Power_Meter_Error_IO		CODE           	1B182	0000	11
		_IO_Initiate   		CODE           	1AC52	0000	65
		_OSCILLATOR    		CODE           	1B1BC	0000	7
		_VFD_Contactor_IO_init		CODE           	1B178	0000	11
		_Pitch_Solenoid_init		CODE           	1B1A6	0000	9
		_Timer1_Initiate		CODE           	1B0D0	0000	15

Initialization.c estimated size: 209

RS485_COMMUNICATION.c
		_Communication_Error		CODE           	1A89E	0000	107
		_RS485_Data_communication		CODE           	1A1F0	0000	161
		_VFD_RS485_Data		CODE           	1A758	0000	115
		_VFD_RS485_Data_filter		CODE           	1A56C	0000	131

RS485_COMMUNICATION.c estimated size: 514

C:\Program Files (x86)\Microchip\xc8\v1.38\sources\common\awdiv.c
		___awdiv       		CODE           	198E0	0000	191

C:\Program Files (x86)\Microchip\xc8\v1.38\sources\common\awdiv.c estimated size: 191

C:\Program Files (x86)\Microchip\xc8\v1.38\sources\common\lldiv.c
		___lldiv       		CODE           	19A5C	0000	189

C:\Program Files (x86)\Microchip\xc8\v1.38\sources\common\lldiv.c estimated size: 189

EEPROM.c
		_int_eeprom_write		CODE           	1ADA8	0000	51
		_Last_3_EEPROM_ERROR_Trigger		CODE           	19182	0000	239
		_int_eeprom_read		CODE           	1AEF2	0000	45
		_EEPROM_Error_Monitor		CODE           	15E2E	0000	627
		_EEPROM_Error_Stop		CODE           	15598	0000	815

EEPROM.c estimated size: 1777

C:\Program Files (x86)\Microchip\xc8\v1.38\sources\common\sin.c
		_sin           		CODE           	15B96	0000	665

C:\Program Files (x86)\Microchip\xc8\v1.38\sources\common\sin.c estimated size: 665

C:\Program Files (x86)\Microchip\xc8\v1.38\sources\common\fttol.c
		___fttol       		CODE           	184AA	0000	325

C:\Program Files (x86)\Microchip\xc8\v1.38\sources\common\fttol.c estimated size: 325

OneSecond_Function.c
		_Turbine_Ramp_up_1_Second		CODE           	1B07C	0000	19
		_One_Sec_Delay 		CODE           	1AF72	0000	43
		_Timer0_OneSecond_Function		CODE           	19352	0000	215
		_Turbine_Start_up_1_Second		CODE           	1B15A	0000	11
		_Five_Sec_Delay		CODE           	1AEC6	0000	45
		_Two_Sec_Delay 		CODE           	1AF48	0000	43

OneSecond_Function.c estimated size: 376

shared
		i2___ftadd     		CODE           	17448	0000	429
		__powers_      		MEDIUMCONST    	FBDA	0000	40
		_dpowers       		MEDIUMCONST    	FB8B	0000	41
		i2___ftge      		CODE           	1A458	0000	145
		__npowers_     		MEDIUMCONST    	FBB3	0000	40
		i2___ftpack    		CODE           	19FFA	0000	175
		__initialization		CODE           	19C86	0000	169
		sin@coeff_a    		MEDIUMCONST    	FC01	0000	16
		sin@coeff_b    		MEDIUMCONST    	FC10	0000	13

shared estimated size: 1068

PITCHING.c
		_Pitch_PS_ON_Function		CODE           	1AD3C	0000	55
		_Turbine_Pitching		CODE           	1B1C2	0000	5
		_Pitch_Release 		CODE           	1AC92	0000	61

PITCHING.c estimated size: 121

C:\Program Files (x86)\Microchip\xc8\v1.38\sources\common\lwtoft.c
		___lwtoft      		CODE           	1AF9C	0000	43

C:\Program Files (x86)\Microchip\xc8\v1.38\sources\common\lwtoft.c estimated size: 43

C:\Program Files (x86)\Microchip\xc8\v1.38\sources\common\awtoft.c
		___awtoft      		CODE           	1ACCE	0000	57

C:\Program Files (x86)\Microchip\xc8\v1.38\sources\common\awtoft.c estimated size: 57

C:\Program Files (x86)\Microchip\xc8\v1.38\sources\common\lbtoft.c
		___lbtoft      		CODE           	1AE6A	0000	47

C:\Program Files (x86)\Microchip\xc8\v1.38\sources\common\lbtoft.c estimated size: 47

C:\Program Files (x86)\Microchip\xc8\v1.38\sources\common\altoft.c
		___altoft      		CODE           	1A290	0000	159

C:\Program Files (x86)\Microchip\xc8\v1.38\sources\common\altoft.c estimated size: 159

main_Logic.c
		_main          		CODE           	175F4	0000	427

main_Logic.c estimated size: 427

ERROR_HANDLING.c
		_Grid_OV       		CODE           	17F32	0000	361
		_Wind_Speed_Error_Trigger		CODE           	18864	0000	301
		_Grid_UV       		CODE           	17DCA	0000	361
		_Last_Five_Error		CODE           	1AFEA	0000	33
		_Start_Stop    		CODE           	1999E	0000	191
		_Grid_Minimum_Power		CODE           	1AA22	0000	93
		_Error_Checking_Interrupt_Overflow		CODE           	1B18C	0000	11
		_Generator_RPM 		CODE           	1AB2E	0000	85
		_DC_Bus_Voltage		CODE           	19270	0000	227
		_VFD_Run_Time_Error		CODE           	1ABCE	0000	69
		_Error_Checking_One_Second		CODE           	194FC	0000	209
		_Grid_Over_Current		CODE           	185EE	0000	321
		_Turbine_Restore_Check		CODE           	19D38	0000	179
		_Turbine_Over_Speed		CODE           	1AADA	0000	85
		_Grid_Frequency		CODE           	1A4E8	0000	133
		_Grid_Phase_Sequence		CODE           	1B00A	0000	33
		_Error_Scan_Running		CODE           	19E9C	0000	177
		_Error_Scan_start_up		CODE           	18EA6	0000	245
		_Grid_Maximum_Power		CODE           	1AA7E	0000	93
		_Pitch_Feedback		CODE           	1A7CA	0000	107
		_Turbine_OverLoaded_Error		CODE           	1A9C6	0000	93
		_VFD_IO_Error  		CODE           	1B064	0000	25
		_Generator_One_Feedback		CODE           	1A834	0000	107
		_Error_Scan_Ramp_up		CODE           	19BD0	0000	183
		_Turbine_Under_speed		CODE           	1A96A	0000	93

ERROR_HANDLING.c estimated size: 3815

C:\Program Files (x86)\Microchip\xc8\v1.38\sources\common\isdigit.c
		_isdigit       		CODE           	1AF1E	0000	43

C:\Program Files (x86)\Microchip\xc8\v1.38\sources\common\isdigit.c estimated size: 43

C:\Program Files (x86)\Microchip\xc8\v1.38\sources\common\ftadd.c
		___ftadd       		CODE           	1657C	0000	617

C:\Program Files (x86)\Microchip\xc8\v1.38\sources\common\ftadd.c estimated size: 617

ISR.c
		_ISR           		CODE           	0008	0000	1119

ISR.c estimated size: 1119

C:\Program Files (x86)\Microchip\xc8\v1.38\sources\common\evalpoly.c
		_eval_poly     		CODE           	1908E	0000	245

C:\Program Files (x86)\Microchip\xc8\v1.38\sources\common\evalpoly.c estimated size: 245

C:\Program Files (x86)\Microchip\xc8\v1.38\sources\common\doprnt.c
		_scale         		CODE           	13E64	0000	1271
		_printf        		CODE           	10D40	0000	3301
		_fround        		CODE           	158C6	0000	721

C:\Program Files (x86)\Microchip\xc8\v1.38\sources\common\doprnt.c estimated size: 5293

C:\Program Files (x86)\Microchip\xc8\v1.38\sources\common\lltoft.c
		___lltoft      		CODE           	1A5EE	0000	125

C:\Program Files (x86)\Microchip\xc8\v1.38\sources\common\lltoft.c estimated size: 125

RPM_Measurement.c
		_RPM_Data_Kill 		CODE           	1793C	0000	395
		_Generator_RPM_Cal		CODE           	14EDE	0000	871
		_Wind_Average  		CODE           	1435A	0000	1075
		_Wind_Speed_2_Cal		CODE           	1630E	0000	623
		_Turbine_RPM_Cal		CODE           	1478C	0000	949
		_Wind_Speed_Cal		CODE           	160A0	0000	623

RPM_Measurement.c estimated size: 4536

RTC.c
		_i2c_NoAck     		CODE           	1B146	0000	11
		_RTC_GetDateTime		CODE           	19B18	0000	185
		_BCDtoI        		CODE           	19428	0000	213
		_I2C_Write     		CODE           	1B08E	0000	19
		_RTC_Init      		CODE           	1B02A	0000	33
		_I2C_Stop      		CODE           	1B196	0000	9
		_i2c_Ack       		CODE           	1B150	0000	11
		_I2C_Read      		CODE           	1ADDA	0000	49
		_I2C_Init      		CODE           	1B0B2	0000	17
		_i2c_WaitForIdle		CODE           	1B0A0	0000	19
		_I2C_Start     		CODE           	1B19E	0000	9

RTC.c estimated size: 575

C:\Program Files (x86)\Microchip\xc8\v1.38\sources\common\ftge.c
		___ftge        		CODE           	19696	0000	201

C:\Program Files (x86)\Microchip\xc8\v1.38\sources\common\ftge.c estimated size: 201

C:\Program Files (x86)\Microchip\xc8\v1.38\sources\common\ftneg.c
		___ftneg       		CODE           	1AE3A	0000	49

C:\Program Files (x86)\Microchip\xc8\v1.38\sources\common\ftneg.c estimated size: 49

